Archive member included to satisfy reference by file (symbol)

/opt/st/stm32cubeide_2.0.0/plugins/com.st.stm32cube.ide.mcu.externaltools.gnu-tools-for-stm32.13.3.rel1.linux64_1.0.100.202509120712/tools/bin/../lib/gcc/arm-none-eabi/13.3.1/../../../../arm-none-eabi/lib/thumb/v6-m/nofp/libc_nano.a(libc_a-exit.o)
                              /opt/st/stm32cubeide_2.0.0/plugins/com.st.stm32cube.ide.mcu.externaltools.gnu-tools-for-stm32.13.3.rel1.linux64_1.0.100.202509120712/tools/bin/../lib/gcc/arm-none-eabi/13.3.1/../../../../arm-none-eabi/lib/thumb/v6-m/nofp/crt0.o (exit)
/opt/st/stm32cubeide_2.0.0/plugins/com.st.stm32cube.ide.mcu.externaltools.gnu-tools-for-stm32.13.3.rel1.linux64_1.0.100.202509120712/tools/bin/../lib/gcc/arm-none-eabi/13.3.1/../../../../arm-none-eabi/lib/thumb/v6-m/nofp/libc_nano.a(libc_a-findfp.o)
                              /opt/st/stm32cubeide_2.0.0/plugins/com.st.stm32cube.ide.mcu.externaltools.gnu-tools-for-stm32.13.3.rel1.linux64_1.0.100.202509120712/tools/bin/../lib/gcc/arm-none-eabi/13.3.1/../../../../arm-none-eabi/lib/thumb/v6-m/nofp/libc_nano.a(libc_a-exit.o) (__stdio_exit_handler)
/opt/st/stm32cubeide_2.0.0/plugins/com.st.stm32cube.ide.mcu.externaltools.gnu-tools-for-stm32.13.3.rel1.linux64_1.0.100.202509120712/tools/bin/../lib/gcc/arm-none-eabi/13.3.1/../../../../arm-none-eabi/lib/thumb/v6-m/nofp/libc_nano.a(libc_a-fwalk.o)
                              /opt/st/stm32cubeide_2.0.0/plugins/com.st.stm32cube.ide.mcu.externaltools.gnu-tools-for-stm32.13.3.rel1.linux64_1.0.100.202509120712/tools/bin/../lib/gcc/arm-none-eabi/13.3.1/../../../../arm-none-eabi/lib/thumb/v6-m/nofp/libc_nano.a(libc_a-findfp.o) (_fwalk_sglue)
/opt/st/stm32cubeide_2.0.0/plugins/com.st.stm32cube.ide.mcu.externaltools.gnu-tools-for-stm32.13.3.rel1.linux64_1.0.100.202509120712/tools/bin/../lib/gcc/arm-none-eabi/13.3.1/../../../../arm-none-eabi/lib/thumb/v6-m/nofp/libc_nano.a(libc_a-stdio.o)
                              /opt/st/stm32cubeide_2.0.0/plugins/com.st.stm32cube.ide.mcu.externaltools.gnu-tools-for-stm32.13.3.rel1.linux64_1.0.100.202509120712/tools/bin/../lib/gcc/arm-none-eabi/13.3.1/../../../../arm-none-eabi/lib/thumb/v6-m/nofp/libc_nano.a(libc_a-findfp.o) (__sread)
/opt/st/stm32cubeide_2.0.0/plugins/com.st.stm32cube.ide.mcu.externaltools.gnu-tools-for-stm32.13.3.rel1.linux64_1.0.100.202509120712/tools/bin/../lib/gcc/arm-none-eabi/13.3.1/../../../../arm-none-eabi/lib/thumb/v6-m/nofp/libc_nano.a(libc_a-memset.o)
                              /opt/st/stm32cubeide_2.0.0/plugins/com.st.stm32cube.ide.mcu.externaltools.gnu-tools-for-stm32.13.3.rel1.linux64_1.0.100.202509120712/tools/bin/../lib/gcc/arm-none-eabi/13.3.1/../../../../arm-none-eabi/lib/thumb/v6-m/nofp/crt0.o (memset)
/opt/st/stm32cubeide_2.0.0/plugins/com.st.stm32cube.ide.mcu.externaltools.gnu-tools-for-stm32.13.3.rel1.linux64_1.0.100.202509120712/tools/bin/../lib/gcc/arm-none-eabi/13.3.1/../../../../arm-none-eabi/lib/thumb/v6-m/nofp/libc_nano.a(libc_a-closer.o)
                              /opt/st/stm32cubeide_2.0.0/plugins/com.st.stm32cube.ide.mcu.externaltools.gnu-tools-for-stm32.13.3.rel1.linux64_1.0.100.202509120712/tools/bin/../lib/gcc/arm-none-eabi/13.3.1/../../../../arm-none-eabi/lib/thumb/v6-m/nofp/libc_nano.a(libc_a-stdio.o) (_close_r)
/opt/st/stm32cubeide_2.0.0/plugins/com.st.stm32cube.ide.mcu.externaltools.gnu-tools-for-stm32.13.3.rel1.linux64_1.0.100.202509120712/tools/bin/../lib/gcc/arm-none-eabi/13.3.1/../../../../arm-none-eabi/lib/thumb/v6-m/nofp/libc_nano.a(libc_a-reent.o)
                              /opt/st/stm32cubeide_2.0.0/plugins/com.st.stm32cube.ide.mcu.externaltools.gnu-tools-for-stm32.13.3.rel1.linux64_1.0.100.202509120712/tools/bin/../lib/gcc/arm-none-eabi/13.3.1/../../../../arm-none-eabi/lib/thumb/v6-m/nofp/libc_nano.a(libc_a-closer.o) (errno)
/opt/st/stm32cubeide_2.0.0/plugins/com.st.stm32cube.ide.mcu.externaltools.gnu-tools-for-stm32.13.3.rel1.linux64_1.0.100.202509120712/tools/bin/../lib/gcc/arm-none-eabi/13.3.1/../../../../arm-none-eabi/lib/thumb/v6-m/nofp/libc_nano.a(libc_a-impure.o)
                              /opt/st/stm32cubeide_2.0.0/plugins/com.st.stm32cube.ide.mcu.externaltools.gnu-tools-for-stm32.13.3.rel1.linux64_1.0.100.202509120712/tools/bin/../lib/gcc/arm-none-eabi/13.3.1/../../../../arm-none-eabi/lib/thumb/v6-m/nofp/libc_nano.a(libc_a-reent.o) (_impure_ptr)
/opt/st/stm32cubeide_2.0.0/plugins/com.st.stm32cube.ide.mcu.externaltools.gnu-tools-for-stm32.13.3.rel1.linux64_1.0.100.202509120712/tools/bin/../lib/gcc/arm-none-eabi/13.3.1/../../../../arm-none-eabi/lib/thumb/v6-m/nofp/libc_nano.a(libc_a-lseekr.o)
                              /opt/st/stm32cubeide_2.0.0/plugins/com.st.stm32cube.ide.mcu.externaltools.gnu-tools-for-stm32.13.3.rel1.linux64_1.0.100.202509120712/tools/bin/../lib/gcc/arm-none-eabi/13.3.1/../../../../arm-none-eabi/lib/thumb/v6-m/nofp/libc_nano.a(libc_a-stdio.o) (_lseek_r)
[...]
Memory Configuration

Name             Origin             Length             Attributes
RAM              0x20000000         0x00005000         xrw
FLASH            0x08000000         0x00030000         xr
*default*        0x00000000         0xffffffff

Linker script and memory map

LOAD /opt/st/stm32cubeide_2.0.0/plugins/com.st.stm32cube.ide.mcu.externaltools.gnu-tools-for-stm32.13.3.rel1.linux64_1.0.100.202509120712/tools/bin/../lib/gcc/arm-none-eabi/13.3.1/thumb/v6-m/nofp/crti.o
LOAD /opt/st/stm32cubeide_2.0.0/plugins/com.st.stm32cube.ide.mcu.externaltools.gnu-tools-for-stm32.13.3.rel1.linux64_1.0.100.202509120712/tools/bin/../lib/gcc/arm-none-eabi/13.3.1/thumb/v6-m/nofp/crtbegin.o
LOAD /opt/st/stm32cubeide_2.0.0/plugins/com.st.stm32cube.ide.mcu.externaltools.gnu-tools-for-stm32.13.3.rel1.linux64_1.0.100.202509120712/tools/bin/../lib/gcc/arm-none-eabi/13.3.1/../../../../arm-none-eabi/lib/thumb/v6-m/nofp/crt0.o
LOAD ./Src/gpio.o
LOAD ./Src/interrupt.o
LOAD ./Src/main.o
LOAD ./Src/syscalls.o
LOAD ./Src/sysmem.o
LOAD ./Src/timer.o
LOAD ./Startup/startup_stm32l073rztx.o
START GROUP
LOAD /opt/st/stm32cubeide_2.0.0/plugins/com.st.stm32cube.ide.mcu.externaltools.gnu-tools-for-stm32.13.3.rel1.linux64_1.0.100.202509120712/tools/bin/../lib/gcc/arm-none-eabi/13.3.1/../../../../arm-none-eabi/lib/thumb/v6-m/nofp/libc_nano.a
LOAD /opt/st/stm32cubeide_2.0.0/plugins/com.st.stm32cube.ide.mcu.externaltools.gnu-tools-for-stm32.13.3.rel1.linux64_1.0.100.202509120712/tools/bin/../lib/gcc/arm-none-eabi/13.3.1/../../../../arm-none-eabi/lib/thumb/v6-m/nofp/libm.a
END GROUP
START GROUP
LOAD /opt/st/stm32cubeide_2.0.0/plugins/com.st.stm32cube.ide.mcu.externaltools.gnu-tools-for-stm32.13.3.rel1.linux64_1.0.100.202509120712/tools/bin/../lib/gcc/arm-none-eabi/13.3.1/thumb/v6-m/nofp/libgcc.a
LOAD /opt/st/stm32cubeide_2.0.0/plugins/com.st.stm32cube.ide.mcu.externaltools.gnu-tools-for-stm32.13.3.rel1.linux64_1.0.100.202509120712/tools/bin/../lib/gcc/arm-none-eabi/13.3.1/../../../../arm-none-eabi/lib/thumb/v6-m/nofp/libc_nano.a
END GROUP
START GROUP
LOAD /opt/st/stm32cubeide_2.0.0/plugins/com.st.stm32cube.ide.mcu.externaltools.gnu-tools-for-stm32.13.3.rel1.linux64_1.0.100.202509120712/tools/bin/../lib/gcc/arm-none-eabi/13.3.1/thumb/v6-m/nofp/libgcc.a
LOAD /opt/st/stm32cubeide_2.0.0/plugins/com.st.stm32cube.ide.mcu.externaltools.gnu-tools-for-stm32.13.3.rel1.linux64_1.0.100.202509120712/tools/bin/../lib/gcc/arm-none-eabi/13.3.1/../../../../arm-none-eabi/lib/thumb/v6-m/nofp/libc_nano.a
LOAD /opt/st/stm32cubeide_2.0.0/plugins/com.st.stm32cube.ide.mcu.externaltools.gnu-tools-for-stm32.13.3.rel1.linux64_1.0.100.202509120712/tools/bin/../lib/gcc/arm-none-eabi/13.3.1/../../../../arm-none-eabi/lib/thumb/v6-m/nofp/libnosys.a
END GROUP
START GROUP
LOAD /opt/st/stm32cubeide_2.0.0/plugins/com.st.stm32cube.ide.mcu.externaltools.gnu-tools-for-stm32.13.3.rel1.linux64_1.0.100.202509120712/tools/bin/../lib/gcc/arm-none-eabi/13.3.1/thumb/v6-m/nofp/libgcc.a
LOAD /opt/st/stm32cubeide_2.0.0/plugins/com.st.stm32cube.ide.mcu.externaltools.gnu-tools-for-stm32.13.3.rel1.linux64_1.0.100.202509120712/tools/bin/../lib/gcc/arm-none-eabi/13.3.1/../../../../arm-none-eabi/lib/thumb/v6-m/nofp/libc_nano.a
LOAD /opt/st/stm32cubeide_2.0.0/plugins/com.st.stm32cube.ide.mcu.externaltools.gnu-tools-for-stm32.13.3.rel1.linux64_1.0.100.202509120712/tools/bin/../lib/gcc/arm-none-eabi/13.3.1/../../../../arm-none-eabi/lib/thumb/v6-m/nofp/libnosys.a
END GROUP
LOAD /opt/st/stm32cubeide_2.0.0/plugins/com.st.stm32cube.ide.mcu.externaltools.gnu-tools-for-stm32.13.3.rel1.linux64_1.0.100.202509120712/tools/bin/../lib/gcc/arm-none-eabi/13.3.1/thumb/v6-m/nofp/crtend.o
LOAD /opt/st/stm32cubeide_2.0.0/plugins/com.st.stm32cube.ide.mcu.externaltools.gnu-tools-for-stm32.13.3.rel1.linux64_1.0.100.202509120712/tools/bin/../lib/gcc/arm-none-eabi/13.3.1/thumb/v6-m/nofp/crtn.o
                0x20005000                        _estack = (ORIGIN (RAM) + LENGTH (RAM))
                0x00000200                        _Min_Heap_Size = 0x200
                0x00000400                        _Min_Stack_Size = 0x400

.isr_vector     0x08000000       0xc0
                0x08000000                        . = ALIGN (0x4)
 *(.isr_vector)
 .isr_vector    0x08000000       0xc0 ./Startup/startup_stm32l073rztx.o
                0x08000000                g_pfnVectors
                0x080000c0                        . = ALIGN (0x4)

.text           0x080000c0      0x494
                0x080000c0                        . = ALIGN (0x4)
 *(.text)
 .text          0x080000c0       0x48 /opt/st/stm32cubeide_2.0.0/plugins/com.st.stm32cube.ide.mcu.externaltools.gnu-tools-for-stm32.13.3.rel1.linux64_1.0.100.202509120712/tools/bin/../lib/gcc/arm-none-eabi/13.3.1/thumb/v6-m/nofp/crtbegin.o
 .text          0x08000108      0x114 /opt/st/stm32cubeide_2.0.0/plugins/com.st.stm32cube.ide.mcu.externaltools.gnu-tools-for-stm32.13.3.rel1.linux64_1.0.100.202509120712/tools/bin/../lib/gcc/arm-none-eabi/13.3.1/thumb/v6-m/nofp/libgcc.a(_udivsi3.o)
                0x08000108                __udivsi3
                0x08000108                __aeabi_uidiv
                0x08000214                __aeabi_uidivmod
 .text          0x0800021c        0x4 /opt/st/stm32cubeide_2.0.0/plugins/com.st.stm32cube.ide.mcu.externaltools.gnu-tools-for-stm32.13.3.rel1.linux64_1.0.100.202509120712/tools/bin/../lib/gcc/arm-none-eabi/13.3.1/thumb/v6-m/nofp/libgcc.a(_dvmd_tls.o)
                0x0800021c                __aeabi_ldiv0
                0x0800021c                __aeabi_idiv0
 *(.text*)
 .text.GPIO_Init
                0x08000220       0x40 ./Src/gpio.o
                0x08000220                GPIO_Init
 .text.SysTick_Handler
                0x08000260       0x18 ./Src/interrupt.o
                0x08000260                SysTick_Handler
 .text.TIM2_IRQHandler
                0x08000278       0x2a ./Src/interrupt.o
                0x08000278                TIM2_IRQHandler
 .text.main     0x080002a2       0x14 ./Src/main.o
                0x080002a2                main
 *fill*         0x080002b6        0x2 
 .text.__NVIC_EnableIRQ
                0x080002b8       0x34 ./Src/timer.o
 .text.__NVIC_SetPriority
                0x080002ec       0xdc ./Src/timer.o
 .text.SysTick_Config
                0x080003c8       0x48 ./Src/timer.o
 .text.SYSTICK_Init
                0x08000410       0x24 ./Src/timer.o
                0x08000410                SYSTICK_Init
 .text.TIM2_init
                0x08000434       0x6c ./Src/timer.o
                0x08000434                TIM2_init
 .text.Reset_Handler
                0x080004a0       0x50 ./Startup/startup_stm32l073rztx.o
                0x080004a0                Reset_Handler
 .text.Default_Handler
                0x080004f0        0x2 ./Startup/startup_stm32l073rztx.o
                0x080004f0                TSC_IRQHandler
                0x080004f0                HardFault_Handler
                0x080004f0                PVD_IRQHandler
                0x080004f0                PendSV_Handler
                0x080004f0                NMI_Handler
                0x080004f0                I2C1_IRQHandler
                0x080004f0                USART4_USART5_IRQHandler
                0x080004f0                SPI1_IRQHandler
                0x080004f0                TIM6_DAC_IRQHandler
                0x080004f0                EXTI2_3_IRQHandler
                0x080004f0                I2C2_IRQHandler
                0x080004f0                RTC_IRQHandler
                0x080004f0                LCD_IRQHandler
                0x080004f0                TIM3_IRQHandler
                0x080004f0                EXTI4_15_IRQHandler
                0x080004f0                RCC_IRQHandler
                0x080004f0                DMA1_Channel1_IRQHandler
                0x080004f0                Default_Handler
                0x080004f0                TIM22_IRQHandler
                0x080004f0                TIM7_IRQHandler
                0x080004f0                EXTI0_1_IRQHandler
                0x080004f0                USB_IRQHandler
                0x080004f0                I2C3_IRQHandler
                0x080004f0                SPI2_IRQHandler
                0x080004f0                SVC_Handler
                0x080004f0                TIM21_IRQHandler
                0x080004f0                WWDG_IRQHandler
                0x080004f0                DMA1_Channel2_3_IRQHandler
                0x080004f0                ADC_COMP_IRQHandler
                0x080004f0                USART2_IRQHandler
                0x080004f0                DMA1_Channel4_7_IRQHandler
                0x080004f0                FLASH_IRQHandler
                0x080004f0                USART1_IRQHandler
                0x080004f0                AES_RNG_LPUART1_IRQHandler
                0x080004f0                LPTIM1_IRQHandler
 *fill*         0x080004f2        0x2 
 .text.__libc_init_array
                0x080004f4       0x48 /opt/st/stm32cubeide_2.0.0/plugins/com.st.stm32cube.ide.mcu.externaltools.gnu-tools-for-stm32.13.3.rel1.linux64_1.0.100.202509120712/tools/bin/../lib/gcc/arm-none-eabi/13.3.1/../../../../arm-none-eabi/lib/thumb/v6-m/nofp/libc_nano.a(libc_a-init.o)
                0x080004f4                __libc_init_array
 *(.glue_7)
 .glue_7        0x0800053c        0x0 linker stubs
 *(.glue_7t)
 .glue_7t       0x0800053c        0x0 linker stubs
 *(.eh_frame)
 .eh_frame      0x0800053c        0x0 /opt/st/stm32cubeide_2.0.0/plugins/com.st.stm32cube.ide.mcu.externaltools.gnu-tools-for-stm32.13.3.rel1.linux64_1.0.100.202509120712/tools/bin/../lib/gcc/arm-none-eabi/13.3.1/thumb/v6-m/nofp/crtbegin.o
 *(.init)
 .init          0x0800053c        0x4 /opt/st/stm32cubeide_2.0.0/plugins/com.st.stm32cube.ide.mcu.externaltools.gnu-tools-for-stm32.13.3.rel1.linux64_1.0.100.202509120712/tools/bin/../lib/gcc/arm-none-eabi/13.3.1/thumb/v6-m/nofp/crti.o
                0x0800053c                _init
 .init          0x08000540        0x8 /opt/st/stm32cubeide_2.0.0/plugins/com.st.stm32cube.ide.mcu.externaltools.gnu-tools-for-stm32.13.3.rel1.linux64_1.0.100.202509120712/tools/bin/../lib/gcc/arm-none-eabi/13.3.1/thumb/v6-m/nofp/crtn.o
 *(.fini)
 .fini          0x08000548        0x4 /opt/st/stm32cubeide_2.0.0/plugins/com.st.stm32cube.ide.mcu.externaltools.gnu-tools-for-stm32.13.3.rel1.linux64_1.0.100.202509120712/tools/bin/../lib/gcc/arm-none-eabi/13.3.1/thumb/v6-m/nofp/crti.o
                0x08000548                _fini
 .fini          0x0800054c        0x8 /opt/st/stm32cubeide_2.0.0/plugins/com.st.stm32cube.ide.mcu.externaltools.gnu-tools-for-stm32.13.3.rel1.linux64_1.0.100.202509120712/tools/bin/../lib/gcc/arm-none-eabi/13.3.1/thumb/v6-m/nofp/crtn.o
                0x08000554                        . = ALIGN (0x4)
                0x08000554                        _etext = .

.vfp11_veneer   0x08000554        0x0
 .vfp11_veneer  0x08000554        0x0 linker stubs

.v4_bx          0x08000554        0x0
 .v4_bx         0x08000554        0x0 linker stubs

.iplt           0x08000554        0x0
 .iplt          0x08000554        0x0 /opt/st/stm32cubeide_2.0.0/plugins/com.st.stm32cube.ide.mcu.externaltools.gnu-tools-for-stm32.13.3.rel1.linux64_1.0.100.202509120712/tools/bin/../lib/gcc/arm-none-eabi/13.3.1/thumb/v6-m/nofp/crtbegin.o

.rodata         0x08000554        0x0
                0x08000554                        . = ALIGN (0x4)
 *(.rodata)
 *(.rodata*)
                0x08000554                        . = ALIGN (0x4)

.ARM.extab      0x08000554        0x0
                0x08000554                        . = ALIGN (0x4)
 *(.ARM.extab* .gnu.linkonce.armextab.*)
                0x08000554                        . = ALIGN (0x4)

.ARM            0x08000554        0x0
                0x08000554                        . = ALIGN (0x4)
                0x08000554                        __exidx_start = .
 *(.ARM.exidx*)
                0x08000554                        __exidx_end = .
                0x08000554                        . = ALIGN (0x4)

.preinit_array  0x08000554        0x0
                0x08000554                        . = ALIGN (0x4)
                0x08000554                        PROVIDE (__preinit_array_start = .)
 *(.preinit_array*)
                0x08000554                        PROVIDE (__preinit_array_end = .)
                0x08000554                        . = ALIGN (0x4)

.init_array     0x08000554        0x4
                0x08000554                        . = ALIGN (0x4)
                0x08000554                        PROVIDE (__init_array_start = .)
 *(SORT_BY_NAME(.init_array.*))
 *(.init_array*)
 .init_array    0x08000554        0x4 /opt/st/stm32cubeide_2.0.0/plugins/com.st.stm32cube.ide.mcu.externaltools.gnu-tools-for-stm32.13.3.rel1.linux64_1.0.100.202509120712/tools/bin/../lib/gcc/arm-none-eabi/13.3.1/thumb/v6-m/nofp/crtbegin.o
                0x08000558                        PROVIDE (__init_array_end = .)
                0x08000558                        . = ALIGN (0x4)

.fini_array     0x08000558        0x4
                0x08000558                        . = ALIGN (0x4)
                [!provide]                        PROVIDE (__fini_array_start = .)
 *(SORT_BY_NAME(.fini_array.*))
 *(.fini_array*)
 .fini_array    0x08000558        0x4 /opt/st/stm32cubeide_2.0.0/plugins/com.st.stm32cube.ide.mcu.externaltools.gnu-tools-for-stm32.13.3.rel1.linux64_1.0.100.202509120712/tools/bin/../lib/gcc/arm-none-eabi/13.3.1/thumb/v6-m/nofp/crtbegin.o
                [!provide]                        PROVIDE (__fini_array_end = .)
                0x0800055c                        . = ALIGN (0x4)
                0x0800055c                        _sidata = LOADADDR (.data)

.rel.dyn        0x0800055c        0x0
 .rel.iplt      0x0800055c        0x0 /opt/st/stm32cubeide_2.0.0/plugins/com.st.stm32cube.ide.mcu.externaltools.gnu-tools-for-stm32.13.3.rel1.linux64_1.0.100.202509120712/tools/bin/../lib/gcc/arm-none-eabi/13.3.1/thumb/v6-m/nofp/crtbegin.o

.data           0x20000000        0x4 load address 0x0800055c
                0x20000000                        . = ALIGN (0x4)
                0x20000000                        _sdata = .
 *(.data)
 *(.data*)
 .data.SystemCoreClock
                0x20000000        0x4 ./Src/timer.o
                0x20000000                SystemCoreClock
 *(.RamFunc)
 *(.RamFunc*)
                0x20000004                        . = ALIGN (0x4)
                0x20000004                        _edata = .

.igot.plt       0x20000004        0x0 load address 0x08000560
 .igot.plt      0x20000004        0x0 /opt/st/stm32cubeide_2.0.0/plugins/com.st.stm32cube.ide.mcu.externaltools.gnu-tools-for-stm32.13.3.rel1.linux64_1.0.100.202509120712/tools/bin/../lib/gcc/arm-none-eabi/13.3.1/thumb/v6-m/nofp/crtbegin.o
                0x20000004                        . = ALIGN (0x4)

.bss            0x20000004       0x20 load address 0x08000560
                0x20000004                        _sbss = .
                0x20000004                        __bss_start__ = _sbss
 *(.bss)
 .bss           0x20000004       0x1c /opt/st/stm32cubeide_2.0.0/plugins/com.st.stm32cube.ide.mcu.externaltools.gnu-tools-for-stm32.13.3.rel1.linux64_1.0.100.202509120712/tools/bin/../lib/gcc/arm-none-eabi/13.3.1/thumb/v6-m/nofp/crtbegin.o
 *(.bss*)
 .bss.ticks     0x20000020        0x4 ./Src/timer.o
                0x20000020                ticks
 *(COMMON)
                0x20000024                        . = ALIGN (0x4)
                0x20000024                        _ebss = .
                0x20000024                        __bss_end__ = _ebss

._user_heap_stack
                0x20000024      0x604 load address 0x08000560
                0x20000028                        . = ALIGN (0x8)
 *fill*         0x20000024        0x4 
                [!provide]                        PROVIDE (end = .)
                0x20000028                        PROVIDE (_end = .)
                0x20000228                        . = (. + _Min_Heap_Size)
 *fill*         0x20000028      0x200 
                0x20000628                        . = (. + _Min_Stack_Size)
 *fill*         0x20000228      0x400 
                0x20000628                        . = ALIGN (0x8)

/DISCARD/
 libc.a(*)
 libm.a(*)
 libgcc.a(*)

.ARM.attributes
                0x00000000       0x28
 *(.ARM.attributes)
 .ARM.attributes
                0x00000000       0x1e /opt/st/stm32cubeide_2.0.0/plugins/com.st.stm32cube.ide.mcu.externaltools.gnu-tools-for-stm32.13.3.rel1.linux64_1.0.100.202509120712/tools/bin/../lib/gcc/arm-none-eabi/13.3.1/thumb/v6-m/nofp/crti.o
 .ARM.attributes
                0x0000001e       0x2c /opt/st/stm32cubeide_2.0.0/plugins/com.st.stm32cube.ide.mcu.externaltools.gnu-tools-for-stm32.13.3.rel1.linux64_1.0.100.202509120712/tools/bin/../lib/gcc/arm-none-eabi/13.3.1/thumb/v6-m/nofp/crtbegin.o
 .ARM.attributes
                0x0000004a       0x2c ./Src/gpio.o
 .ARM.attributes
                0x00000076       0x2c ./Src/interrupt.o
 .ARM.attributes
                0x000000a2       0x2c ./Src/main.o
 .ARM.attributes
                0x000000ce       0x2c ./Src/timer.o
 .ARM.attributes
                0x000000fa       0x22 ./Startup/startup_stm32l073rztx.o
 .ARM.attributes
                0x0000011c       0x2c /opt/st/stm32cubeide_2.0.0/plugins/com.st.stm32cube.ide.mcu.externaltools.gnu-tools-for-stm32.13.3.rel1.linux64_1.0.100.202509120712/tools/bin/../lib/gcc/arm-none-eabi/13.3.1/../../../../arm-none-eabi/lib/thumb/v6-m/nofp/libc_nano.a(libc_a-init.o)
 .ARM.attributes
                0x00000148       0x1e /opt/st/stm32cubeide_2.0.0/plugins/com.st.stm32cube.ide.mcu.externaltools.gnu-tools-for-stm32.13.3.rel1.linux64_1.0.100.202509120712/tools/bin/../lib/gcc/arm-none-eabi/13.3.1/thumb/v6-m/nofp/libgcc.a(_udivsi3.o)
 .ARM.attributes
                0x00000166       0x1e /opt/st/stm32cubeide_2.0.0/plugins/com.st.stm32cube.ide.mcu.externaltools.gnu-tools-for-stm32.13.3.rel1.linux64_1.0.100.202509120712/tools/bin/../lib/gcc/arm-none-eabi/13.3.1/thumb/v6-m/nofp/libgcc.a(_dvmd_tls.o)
 .ARM.attributes
                0x00000184       0x1e /opt/st/stm32cubeide_2.0.0/plugins/com.st.stm32cube.ide.mcu.externaltools.gnu-tools-for-stm32.13.3.rel1.linux64_1.0.100.202509120712/tools/bin/../lib/gcc/arm-none-eabi/13.3.1/thumb/v6-m/nofp/crtn.o
OUTPUT(scratch.elf elf32-littlearm)
LOAD linker stubs
LOAD /opt/st/stm32cubeide_2.0.0/plugins/com.st.stm32cube.ide.mcu.externaltools.gnu-tools-for-stm32.13.3.rel1.linux64_1.0.100.202509120712/tools/bin/../lib/gcc/arm-none-eabi/13.3.1/../../../../arm-none-eabi/lib/thumb/v6-m/nofp/libc.a
LOAD /opt/st/stm32cubeide_2.0.0/plugins/com.st.stm32cube.ide.mcu.externaltools.gnu-tools-for-stm32.13.3.rel1.linux64_1.0.100.202509120712/tools/bin/../lib/gcc/arm-none-eabi/13.3.1/../../../../arm-none-eabi/lib/thumb/v6-m/nofp/libm.a
LOAD /opt/st/stm32cubeide_2.0.0/plugins/com.st.stm32cube.ide.mcu.externaltools.gnu-tools-for-stm32.13.3.rel1.linux64_1.0.100.202509120712/tools/bin/../lib/gcc/arm-none-eabi/13.3.1/thumb/v6-m/nofp/libgcc.a

.debug_info     0x00000000      0xcb5
 .debug_info    0x00000000      0x252 ./Src/gpio.o
 .debug_info    0x00000252      0x26b ./Src/interrupt.o
 .debug_info    0x000004bd       0xaa ./Src/main.o
 .debug_info    0x00000567      0x71e ./Src/timer.o
 .debug_info    0x00000c85       0x30 ./Startup/startup_stm32l073rztx.o

.debug_abbrev   0x00000000      0x3f7
 .debug_abbrev  0x00000000       0xb4 ./Src/gpio.o
 .debug_abbrev  0x000000b4       0xc9 ./Src/interrupt.o
 .debug_abbrev  0x0000017d       0x5b ./Src/main.o
 .debug_abbrev  0x000001d8      0x1fb ./Src/timer.o
 .debug_abbrev  0x000003d3       0x24 ./Startup/startup_stm32l073rztx.o

.debug_aranges  0x00000000       0xe0
 .debug_aranges
                0x00000000       0x20 ./Src/gpio.o
 .debug_aranges
                0x00000020       0x28 ./Src/interrupt.o
 .debug_aranges
                0x00000048       0x20 ./Src/main.o
 .debug_aranges
                0x00000068       0x50 ./Src/timer.o
 .debug_aranges
                0x000000b8       0x28 ./Startup/startup_stm32l073rztx.o

.debug_rnglists
                0x00000000       0x90
 .debug_rnglists
                0x00000000       0x13 ./Src/gpio.o
 .debug_rnglists
                0x00000013       0x19 ./Src/interrupt.o
 .debug_rnglists
                0x0000002c       0x13 ./Src/main.o
 .debug_rnglists
                0x0000003f       0x38 ./Src/timer.o
 .debug_rnglists
                0x00000077       0x19 ./Startup/startup_stm32l073rztx.o

.debug_macro    0x00000000     0xcbb0
 .debug_macro   0x00000000       0xc8 ./Src/gpio.o
 .debug_macro   0x000000c8      0xaba ./Src/gpio.o
 .debug_macro   0x00000b82       0x22 ./Src/gpio.o
 .debug_macro   0x00000ba4       0x8e ./Src/gpio.o
 .debug_macro   0x00000c32       0x51 ./Src/gpio.o
 .debug_macro   0x00000c83      0x103 ./Src/gpio.o
 .debug_macro   0x00000d86       0x6a ./Src/gpio.o
 .debug_macro   0x00000df0      0x1df ./Src/gpio.o
 .debug_macro   0x00000fcf       0x28 ./Src/gpio.o
 .debug_macro   0x00000ff7       0x1c ./Src/gpio.o
 .debug_macro   0x00001013       0x22 ./Src/gpio.o
 .debug_macro   0x00001035       0xd1 ./Src/gpio.o
 .debug_macro   0x00001106      0x4da ./Src/gpio.o
 .debug_macro   0x000015e0      0x11f ./Src/gpio.o
 .debug_macro   0x000016ff     0xa683 ./Src/gpio.o
 .debug_macro   0x0000bd82       0x22 ./Src/gpio.o
 .debug_macro   0x0000bda4       0xbf ./Src/interrupt.o
 .debug_macro   0x0000be63      0x1af ./Src/main.o
 .debug_macro   0x0000c012       0x61 ./Src/main.o
 .debug_macro   0x0000c073       0x24 ./Src/main.o
 .debug_macro   0x0000c097       0x43 ./Src/main.o
 .debug_macro   0x0000c0da       0x34 ./Src/main.o
 .debug_macro   0x0000c10e       0x16 ./Src/main.o
 .debug_macro   0x0000c124       0x9e ./Src/main.o
 .debug_macro   0x0000c1c2      0x370 ./Src/main.o
 .debug_macro   0x0000c532      0x112 ./Src/main.o
 .debug_macro   0x0000c644       0x10 ./Src/main.o
 .debug_macro   0x0000c654       0x16 ./Src/main.o
 .debug_macro   0x0000c66a       0x4a ./Src/main.o
 .debug_macro   0x0000c6b4       0x34 ./Src/main.o
 .debug_macro   0x0000c6e8       0x10 ./Src/main.o
 .debug_macro   0x0000c6f8       0x58 ./Src/main.o
 .debug_macro   0x0000c750       0x8e ./Src/main.o
 .debug_macro   0x0000c7de       0x1c ./Src/main.o
 .debug_macro   0x0000c7fa      0x185 ./Src/main.o
 .debug_macro   0x0000c97f       0x16 ./Src/main.o
 .debug_macro   0x0000c995       0x16 ./Src/main.o
 .debug_macro   0x0000c9ab      0x146 ./Src/main.o
 .debug_macro   0x0000caf1       0xbf ./Src/timer.o

.debug_line     0x00000000     0x15c7
 .debug_line    0x00000000      0x4a7 ./Src/gpio.o
 .debug_line    0x000004a7      0x4b8 ./Src/interrupt.o
 .debug_line    0x0000095f      0x5f5 ./Src/main.o
 .debug_line    0x00000f54      0x5f8 ./Src/timer.o
 .debug_line    0x0000154c       0x7b ./Startup/startup_stm32l073rztx.o

.debug_str      0x00000000    0x4491c
 .debug_str     0x00000000    0x4491c ./Src/gpio.o
                              0x40cf3 (size before relaxing)
 .debug_str     0x0004491c        0x0 ./Src/interrupt.o
                              0x40c97 (size before relaxing)
 .debug_str     0x0004491c        0x0 ./Src/main.o
                              0x44745 (size before relaxing)
 .debug_str     0x0004491c        0x0 ./Src/timer.o
                              0x40fe0 (size before relaxing)
 .debug_str     0x0004491c        0x0 ./Startup/startup_stm32l073rztx.o
                                 0x7f (size before relaxing)

.comment        0x00000000       0x43
 .comment       0x00000000       0x43 ./Src/gpio.o
                                 0x44 (size before relaxing)
 .comment       0x00000043        0x0 ./Src/interrupt.o
                                 0x44 (size before relaxing)
 .comment       0x00000043        0x0 ./Src/main.o
                                 0x44 (size before relaxing)
 .comment       0x00000043        0x0 ./Src/timer.o
                                 0x44 (size before relaxing)

.debug_frame    0x00000000      0x1d0
 .debug_frame   0x00000000       0x2c ./Src/gpio.o
 .debug_frame   0x0000002c       0x48 ./Src/interrupt.o
 .debug_frame   0x00000074       0x2c ./Src/main.o
 .debug_frame   0x000000a0       0xe4 ./Src/timer.o
 .debug_frame   0x00000184       0x2c /opt/st/stm32cubeide_2.0.0/plugins/com.st.stm32cube.ide.mcu.externaltools.gnu-tools-for-stm32.13.3.rel1.linux64_1.0.100.202509120712/tools/bin/../lib/gcc/arm-none-eabi/13.3.1/../../../../arm-none-eabi/lib/thumb/v6-m/nofp/libc_nano.a(libc_a-init.o)
 .debug_frame   0x000001b0       0x20 /opt/st/stm32cubeide_2.0.0/plugins/com.st.stm32cube.ide.mcu.externaltools.gnu-tools-for-stm32.13.3.rel1.linux64_1.0.100.202509120712/tools/bin/../lib/gcc/arm-none-eabi/13.3.1/thumb/v6-m/nofp/libgcc.a(_udivsi3.o)

.debug_line_str
                0x00000000       0x63
 .debug_line_str
                0x00000000       0x63 ./Startup/startup_stm32l073rztx.o
